error: <unknown>:0:0: in function f1 void (i32, i32, i32, i32, i32, i32): secure entry function requires arguments on stack

error: aborting due to 1 previous error

